Running SLURM prolog script on ecsai02
===============================================================================
Job started on Sat Oct  3 22:48:15 BST 2026
Job ID          : 1713153
Job name        : grn-exp1
WorkDir         : /iridisfs/home/jm2e25/MSc-Final-Project
Command         : /iridisfs/home/jm2e25/MSc-Final-Project/job_experiment8.sh
Partition       : ecsstudents_l4
Num hosts       : 1
Num cores       : 4
Num of tasks    : 1
Hosts allocated : ecsai02
Job Output Follows ...
===============================================================================
host      : ecsai02
started   : Sat Oct  3 22:48:17 BST 2026
python    : /iridisfs/ixsoftware/conda/miniconda-py3/bin/python
numpy 2.4.3 | matplotlib 3.10.1
----------------------------------------------------------------------
        baseline                 seed 0
        baseline                 seed 1
        baseline                 seed 2
        baseline                 seed 3
        baseline                 seed 4
        baseline                 seed 5
        baseline                 seed 6
        baseline                 seed 7
        baseline                 seed 8
        baseline                 seed 9
        process: plastic         seed 0
        process: plastic         seed 1
        process: plastic         seed 2
        process: plastic         seed 3
        process: plastic         seed 4
        process: plastic         seed 5
        process: plastic         seed 6
        process: plastic         seed 7
        process: plastic         seed 8
        process: plastic         seed 9
        process: r-round         seed 0
        process: r-round         seed 1
        process: r-round         seed 2
        process: r-round         seed 3
        process: r-round         seed 4
        process: r-round         seed 5
        process: r-round         seed 6
        process: r-round         seed 7
==============================================================================
Running epilogue script on ecsai02.

Submit time  : 2026-10-03T22:43:46
Start time   : 2026-10-03T22:48:14
End time     : 2026-10-04T12:00:45
Elapsed time : 13:12:31 (Timelimit=1-00:00:00)

Job ID: 1713153
Cluster: iridis_x
User/Group: jm2e25/fp
State: CANCELLED (exit code 0)
Nodes: 1
Cores per node: 4
CPU Utilized: 00:00:02
CPU Efficiency: 0.00% of 2-04:50:04 core-walltime
Job Wall-clock time: 13:12:31
Memory Utilized: 63.74 MB
Memory Efficiency: 0.39% of 16.00 GB (16.00 GB/node)

