Running SLURM prolog script on ecsai04
===============================================================================
Job started on Sat Oct  3 22:36:27 BST 2026
Job ID          : 1713128
Job name        : grn-exp1
WorkDir         : /iridisfs/home/jm2e25/MSc-Final-Project
Command         : /iridisfs/home/jm2e25/MSc-Final-Project/job_experiment5.sh
Partition       : ecsstudents_l4
Num hosts       : 1
Num cores       : 4
Num of tasks    : 1
Hosts allocated : ecsai04
Job Output Follows ...
===============================================================================
host      : ecsai04
started   : Sat Oct  3 22:36:30 BST 2026
python    : /home/jm2e25/.conda/envs/grn/bin/python
numpy 2.4.3 | matplotlib 3.11.1
----------------------------------------------------------------------
running: appropriate interactions
  wrote plastic_curve_ and induced_matrix_ for appropriate interactions
running: inappropriate interactions
  wrote plastic_curve_ and induced_matrix_ for inappropriate interactions
running: noisy appropriate interactions
  wrote plastic_curve_ and induced_matrix_ for noisy appropriate interactions
running: noisy inappropriate interactions
  wrote plastic_curve_ and induced_matrix_ for noisy inappropriate interactions
running: random interactions
  wrote plastic_curve_ and induced_matrix_ for random interactions
running: modular random interactions
  wrote plastic_curve_ and induced_matrix_ for modular random interactions
running: modular appropriate interactions
  wrote plastic_curve_ and induced_matrix_ for modular appropriate interactions
running: modular inappropriate interactions
  wrote plastic_curve_ and induced_matrix_ for modular inappropriate interactions
running: sparse random interactions
  wrote plastic_curve_ and induced_matrix_ for sparse random interactions
running: sparse appropriate interactions
  wrote plastic_curve_ and induced_matrix_ for sparse appropriate interactions
running: sparse inappropriate interactions
  wrote plastic_curve_ and induced_matrix_ for sparse inappropriate interactions
  wrote Experiment5/round_auc_table.png
  wrote Experiment5/round_auc_improved.png
----------------------------------------------------------------------
finished  : Sat Oct  3 22:36:46 BST 2026  (exit 0)
==============================================================================
Running epilogue script on ecsai04.

Submit time  : 2026-10-03T22:36:26
Start time   : 2026-10-03T22:36:27
End time     : 2026-10-03T22:36:46
Elapsed time : 00:00:19 (Timelimit=1-00:00:00)

Job ID: 1713128
Cluster: iridis_x
User/Group: jm2e25/fp
State: COMPLETED (exit code 0)
Nodes: 1
Cores per node: 4
CPU Utilized: 00:00:19
CPU Efficiency: 25.00% of 00:01:16 core-walltime
Job Wall-clock time: 00:00:19
Memory Utilized: 8.05 MB
Memory Efficiency: 0.05% of 16.00 GB (16.00 GB/node)

