Running SLURM prolog script on ecsai02
===============================================================================
Job started on Sun Oct  4 16:05:17 BST 2026
Job ID          : 1726681
Job name        : grn-exp6
WorkDir         : /iridisfs/home/jm2e25/MSc-Final-Project
Command         : /home/jm2e25/MSc-Final-Project/job_experiment6.sh
Partition       : ecsstudents_l4
Num hosts       : 1
Num cores       : 2
Num of tasks    : 1
Hosts allocated : ecsai02
Job Output Follows ...
===============================================================================
host      : ecsai02
workdir   : /home/jm2e25/MSc-Final-Project
started   : Sun Oct  4 16:05:23 BST 2026
python    : /iridisfs/ixsoftware/conda/miniconda-py3/bin/python
numpy 2.4.3 | matplotlib 3.10.1
git       : f065ee0
----------------------------------------------------------------------
  PASS  fitness_of_target_is_one
  PASS  bounded_development_removes_the_magnitude_confound
  PASS  standard_development_matches_the_published_equation
  PASS  phenotype_is_bounded
  PASS  convergence_bound_is_a_tolerance
  PASS  masked_matrix_handles_none
  PASS  mask_owns_the_diagonal
  PASS  inputs_are_not_mutated
  PASS  plastic_search_fitness_stays_on_the_walks_scale
  PASS  all_arrays_are_float64
  PASS  induction_is_deterministic_given_genotype
  PASS  both_processes_share_a_contract
  PASS  differential_energy_is_live_under_default_mutation
  PASS  induction_raises_the_plastic_auc_across_rounds
  PASS  evolution_runs_all_four_configurations
  PASS  per_generation_series_are_aligned
  PASS  b_mutation_undo_is_exact
  PASS  switch_generation_records_transfer

18/18 passed
----------------------------------------------------------------------
         wrote interaction_trajectories.png to Experiment6/control/seed_0/interaction_trajectories.png
         wrote fitness.png to Experiment6/control/seed_0/fitness.png
         wrote selections.png to Experiment6/control/seed_0/selections.png
         wrote grn_alignment.png to Experiment6/control/seed_0/grn_alignment.png
         wrote interaction_magnitude.png to Experiment6/control/seed_0/interaction_magnitude.png
         wrote convergence.png to Experiment6/control/seed_0/convergence.png
         wrote hebbian_heatmap.png to Experiment6/control/seed_0/hebbian_heatmap.png
         wrote interaction_heatmap.png to Experiment6/control/seed_0/interaction_heatmap.png
         wrote interaction_trajectories.png to Experiment6/control/seed_1/interaction_trajectories.png
         wrote fitness.png to Experiment6/control/seed_1/fitness.png
         wrote selections.png to Experiment6/control/seed_1/selections.png
         wrote grn_alignment.png to Experiment6/control/seed_1/grn_alignment.png
         wrote interaction_magnitude.png to Experiment6/control/seed_1/interaction_magnitude.png
         wrote convergence.png to Experiment6/control/seed_1/convergence.png
         wrote hebbian_heatmap.png to Experiment6/control/seed_1/hebbian_heatmap.png
         wrote interaction_heatmap.png to Experiment6/control/seed_1/interaction_heatmap.png
         wrote interaction_trajectories.png to Experiment6/control/seed_2/interaction_trajectories.png
         wrote fitness.png to Experiment6/control/seed_2/fitness.png
         wrote selections.png to Experiment6/control/seed_2/selections.png
         wrote grn_alignment.png to Experiment6/control/seed_2/grn_alignment.png
         wrote interaction_magnitude.png to Experiment6/control/seed_2/interaction_magnitude.png
         wrote convergence.png to Experiment6/control/seed_2/convergence.png
         wrote hebbian_heatmap.png to Experiment6/control/seed_2/hebbian_heatmap.png
         wrote interaction_heatmap.png to Experiment6/control/seed_2/interaction_heatmap.png
         wrote interaction_trajectories.png to Experiment6/control/seed_3/interaction_trajectories.png
         wrote fitness.png to Experiment6/control/seed_3/fitness.png
         wrote selections.png to Experiment6/control/seed_3/selections.png
         wrote grn_alignment.png to Experiment6/control/seed_3/grn_alignment.png
         wrote interaction_magnitude.png to Experiment6/control/seed_3/interaction_magnitude.png
         wrote convergence.png to Experiment6/control/seed_3/convergence.png
         wrote hebbian_heatmap.png to Experiment6/control/seed_3/hebbian_heatmap.png
         wrote interaction_heatmap.png to Experiment6/control/seed_3/interaction_heatmap.png
         wrote interaction_trajectories.png to Experiment6/control/seed_4/interaction_trajectories.png
         wrote fitness.png to Experiment6/control/seed_4/fitness.png
         wrote selections.png to Experiment6/control/seed_4/selections.png
         wrote grn_alignment.png to Experiment6/control/seed_4/grn_alignment.png
         wrote interaction_magnitude.png to Experiment6/control/seed_4/interaction_magnitude.png
         wrote convergence.png to Experiment6/control/seed_4/convergence.png
         wrote hebbian_heatmap.png to Experiment6/control/seed_4/hebbian_heatmap.png
         wrote interaction_heatmap.png to Experiment6/control/seed_4/interaction_heatmap.png
         wrote interaction_trajectories.png to Experiment6/control/average/interaction_trajectories.png
         wrote fitness.png to Experiment6/control/average/fitness.png
         wrote selections.png to Experiment6/control/average/selections.png
         wrote grn_alignment.png to Experiment6/control/average/grn_alignment.png
         wrote interaction_magnitude.png to Experiment6/control/average/interaction_magnitude.png
         wrote convergence.png to Experiment6/control/average/convergence.png
         wrote hebbian_heatmap.png to Experiment6/control/average/hebbian_heatmap.png
         wrote interaction_heatmap.png to Experiment6/control/average/interaction_heatmap.png
         wrote interaction_trajectories.png to Experiment6/induction/seed_0/interaction_trajectories.png
         wrote fitness.png to Experiment6/induction/seed_0/fitness.png
         wrote selections.png to Experiment6/induction/seed_0/selections.png
         wrote grn_alignment.png to Experiment6/induction/seed_0/grn_alignment.png
         wrote interaction_magnitude.png to Experiment6/induction/seed_0/interaction_magnitude.png
         wrote convergence.png to Experiment6/induction/seed_0/convergence.png
         wrote hebbian_heatmap.png to Experiment6/induction/seed_0/hebbian_heatmap.png
         wrote interaction_heatmap.png to Experiment6/induction/seed_0/interaction_heatmap.png
         wrote induction_fitnesses.png to Experiment6/induction/seed_0/induction_fitnesses.png
         wrote induction_fitness_change.png to Experiment6/induction/seed_0/induction_fitness_change.png
         wrote induction_AUCs.png to Experiment6/induction/seed_0/induction_AUCs.png
         wrote interaction_trajectories.png to Experiment6/induction/seed_1/interaction_trajectories.png
         wrote fitness.png to Experiment6/induction/seed_1/fitness.png
         wrote selections.png to Experiment6/induction/seed_1/selections.png
         wrote grn_alignment.png to Experiment6/induction/seed_1/grn_alignment.png
         wrote interaction_magnitude.png to Experiment6/induction/seed_1/interaction_magnitude.png
         wrote convergence.png to Experiment6/induction/seed_1/convergence.png
         wrote hebbian_heatmap.png to Experiment6/induction/seed_1/hebbian_heatmap.png
         wrote interaction_heatmap.png to Experiment6/induction/seed_1/interaction_heatmap.png
         wrote induction_fitnesses.png to Experiment6/induction/seed_1/induction_fitnesses.png
         wrote induction_fitness_change.png to Experiment6/induction/seed_1/induction_fitness_change.png
         wrote induction_AUCs.png to Experiment6/induction/seed_1/induction_AUCs.png
         wrote interaction_trajectories.png to Experiment6/induction/seed_2/interaction_trajectories.png
         wrote fitness.png to Experiment6/induction/seed_2/fitness.png
         wrote selections.png to Experiment6/induction/seed_2/selections.png
         wrote grn_alignment.png to Experiment6/induction/seed_2/grn_alignment.png
         wrote interaction_magnitude.png to Experiment6/induction/seed_2/interaction_magnitude.png
         wrote convergence.png to Experiment6/induction/seed_2/convergence.png
         wrote hebbian_heatmap.png to Experiment6/induction/seed_2/hebbian_heatmap.png
         wrote interaction_heatmap.png to Experiment6/induction/seed_2/interaction_heatmap.png
         wrote induction_fitnesses.png to Experiment6/induction/seed_2/induction_fitnesses.png
         wrote induction_fitness_change.png to Experiment6/induction/seed_2/induction_fitness_change.png
         wrote induction_AUCs.png to Experiment6/induction/seed_2/induction_AUCs.png
         wrote interaction_trajectories.png to Experiment6/induction/seed_3/interaction_trajectories.png
         wrote fitness.png to Experiment6/induction/seed_3/fitness.png
         wrote selections.png to Experiment6/induction/seed_3/selections.png
         wrote grn_alignment.png to Experiment6/induction/seed_3/grn_alignment.png
         wrote interaction_magnitude.png to Experiment6/induction/seed_3/interaction_magnitude.png
         wrote convergence.png to Experiment6/induction/seed_3/convergence.png
         wrote hebbian_heatmap.png to Experiment6/induction/seed_3/hebbian_heatmap.png
         wrote interaction_heatmap.png to Experiment6/induction/seed_3/interaction_heatmap.png
         wrote induction_fitnesses.png to Experiment6/induction/seed_3/induction_fitnesses.png
         wrote induction_fitness_change.png to Experiment6/induction/seed_3/induction_fitness_change.png
         wrote induction_AUCs.png to Experiment6/induction/seed_3/induction_AUCs.png
         wrote interaction_trajectories.png to Experiment6/induction/seed_4/interaction_trajectories.png
         wrote fitness.png to Experiment6/induction/seed_4/fitness.png
         wrote selections.png to Experiment6/induction/seed_4/selections.png
         wrote grn_alignment.png to Experiment6/induction/seed_4/grn_alignment.png
         wrote interaction_magnitude.png to Experiment6/induction/seed_4/interaction_magnitude.png
         wrote convergence.png to Experiment6/induction/seed_4/convergence.png
         wrote hebbian_heatmap.png to Experiment6/induction/seed_4/hebbian_heatmap.png
         wrote interaction_heatmap.png to Experiment6/induction/seed_4/interaction_heatmap.png
         wrote induction_fitnesses.png to Experiment6/induction/seed_4/induction_fitnesses.png
         wrote induction_fitness_change.png to Experiment6/induction/seed_4/induction_fitness_change.png
         wrote induction_AUCs.png to Experiment6/induction/seed_4/induction_AUCs.png
         wrote interaction_trajectories.png to Experiment6/induction/average/interaction_trajectories.png
         wrote fitness.png to Experiment6/induction/average/fitness.png
         wrote selections.png to Experiment6/induction/average/selections.png
         wrote grn_alignment.png to Experiment6/induction/average/grn_alignment.png
         wrote interaction_magnitude.png to Experiment6/induction/average/interaction_magnitude.png
         wrote convergence.png to Experiment6/induction/average/convergence.png
         wrote hebbian_heatmap.png to Experiment6/induction/average/hebbian_heatmap.png
         wrote interaction_heatmap.png to Experiment6/induction/average/interaction_heatmap.png
         wrote induction_fitnesses.png to Experiment6/induction/average/induction_fitnesses.png
         wrote induction_fitness_change.png to Experiment6/induction/average/induction_fitness_change.png
         wrote induction_AUCs.png to Experiment6/induction/average/induction_AUCs.png
  wrote comparison.png to Experiment6
----------------------------------------------------------------------
finished  : Sun Oct  4 17:05:26 BST 2026  (exit 0)
==============================================================================
Running epilogue script on ecsai02.

Submit time  : 2026-10-04T16:05:14
Start time   : 2026-10-04T16:05:15
End time     : 2026-10-04T17:05:26
Elapsed time : 01:00:11 (Timelimit=22:00:00)

Job ID: 1726681
Cluster: iridis_x
User/Group: jm2e25/fp
State: COMPLETED (exit code 0)
Nodes: 1
Cores per node: 2
CPU Utilized: 00:59:51
CPU Efficiency: 49.72% of 02:00:22 core-walltime
Job Wall-clock time: 01:00:11
Memory Utilized: 303.59 MB
Memory Efficiency: 14.82% of 2.00 GB (2.00 GB/node)

