Running SLURM prolog script on ecsai02
===============================================================================
Job started on Sun Oct  4 16:05:18 BST 2026
Job ID          : 1726677
Job name        : grn-exp2
WorkDir         : /iridisfs/home/jm2e25/MSc-Final-Project
Command         : /home/jm2e25/MSc-Final-Project/job_experiment2.sh
Partition       : ecsstudents_l4
Num hosts       : 1
Num cores       : 2
Num of tasks    : 1
Hosts allocated : ecsai02
Job Output Follows ...
===============================================================================
host      : ecsai02
workdir   : /home/jm2e25/MSc-Final-Project
started   : Sun Oct  4 16:05:23 BST 2026
python    : /iridisfs/ixsoftware/conda/miniconda-py3/bin/python
numpy 2.4.3 | matplotlib 3.10.1
git       : f065ee0
----------------------------------------------------------------------
  PASS  fitness_of_target_is_one
  PASS  bounded_development_removes_the_magnitude_confound
  PASS  standard_development_matches_the_published_equation
  PASS  phenotype_is_bounded
  PASS  convergence_bound_is_a_tolerance
  PASS  masked_matrix_handles_none
  PASS  mask_owns_the_diagonal
  PASS  inputs_are_not_mutated
  PASS  plastic_search_fitness_stays_on_the_walks_scale
  PASS  all_arrays_are_float64
  PASS  induction_is_deterministic_given_genotype
  PASS  both_processes_share_a_contract
  PASS  differential_energy_is_live_under_default_mutation
  PASS  induction_raises_the_plastic_auc_across_rounds
  PASS  evolution_runs_all_four_configurations
  PASS  per_generation_series_are_aligned
  PASS  b_mutation_undo_is_exact
  PASS  switch_generation_records_transfer

18/18 passed
----------------------------------------------------------------------
running: appropriate interactions
  wrote Experiment2/plastic_search_table_appropriate_interactions.png
running: inappropriate interactions
  wrote Experiment2/plastic_search_table_inappropriate_interactions.png
running: noisy appropriate interactions
  wrote Experiment2/plastic_search_table_noisy_appropriate_interactions.png
running: noisy inappropriate interactions
  wrote Experiment2/plastic_search_table_noisy_inappropriate_interactions.png
running: random interactions
  wrote Experiment2/plastic_search_table_random_interactions.png
running: modular random interactions
  wrote Experiment2/plastic_search_table_modular_random_interactions.png
running: modular appropriate interactions
  wrote Experiment2/plastic_search_table_modular_appropriate_interactions.png
running: modular inappropriate interactions
  wrote Experiment2/plastic_search_table_modular_inappropriate_interactions.png
running: sparse random interactions
  wrote Experiment2/plastic_search_table_sparse_random_interactions.png
running: sparse appropriate interactions
  wrote Experiment2/plastic_search_table_sparse_appropriate_interactions.png
running: sparse inappropriate interactions
  wrote Experiment2/plastic_search_table_sparse_inappropriate_interactions.png
----------------------------------------------------------------------
finished  : Sun Oct  4 16:05:30 BST 2026  (exit 0)
==============================================================================
Running epilogue script on ecsai02.

Submit time  : 2026-10-04T16:05:14
Start time   : 2026-10-04T16:05:15
End time     : 2026-10-04T16:05:30
Elapsed time : 00:00:15 (Timelimit=01:00:00)

Job ID: 1726677
Cluster: iridis_x
User/Group: jm2e25/fp
State: COMPLETED (exit code 0)
Nodes: 1
Cores per node: 2
CPU Utilized: 00:00:08
CPU Efficiency: 26.67% of 00:00:30 core-walltime
Job Wall-clock time: 00:00:15
Memory Utilized: 11.84 MB
Memory Efficiency: 0.58% of 2.00 GB (2.00 GB/node)

