Running SLURM prolog script on ecsai02
===============================================================================
Job started on Thu Oct  1 15:03:31 BST 2026
Job ID          : 1694232
Job name        : grn-exp3
WorkDir         : /iridisfs/home/jm2e25/MSc-Final-Project
Command         : /iridisfs/home/jm2e25/MSc-Final-Project/job_experiment3.sh
Partition       : ecsstudents_l4
Num hosts       : 1
Num cores       : 4
Num of tasks    : 1
Hosts allocated : ecsai02
Job Output Follows ...
===============================================================================
host      : ecsai02
started   : Thu Oct  1 15:03:35 BST 2026
python    : /iridisfs/ixsoftware/conda/miniconda-py3/bin/python
numpy 2.4.3 | matplotlib 3.10.1
----------------------------------------------------------------------
----------------------------------------------------------------------
finished  : Thu Oct  1 15:04:03 BST 2026  (exit 1)
==============================================================================
Running epilogue script on ecsai02.

Submit time  : 2026-10-01T15:03:30
Start time   : 2026-10-01T15:03:31
End time     : 2026-10-01T15:04:03
Elapsed time : 00:00:32 (Timelimit=1-00:00:00)

Job ID: 1694232
Cluster: iridis_x
User/Group: jm2e25/fp
State: FAILED (exit code 1)
Nodes: 1
Cores per node: 4
CPU Utilized: 00:00:30
CPU Efficiency: 23.44% of 00:02:08 core-walltime
Job Wall-clock time: 00:00:32
Memory Utilized: 59.72 MB
Memory Efficiency: 0.36% of 16.00 GB (16.00 GB/node)

