Running SLURM prolog script on ecsai02
===============================================================================
Job started on Thu Oct  1 15:03:31 BST 2026
Job ID          : 1694230
Job name        : grn-exp1
WorkDir         : /iridisfs/home/jm2e25/MSc-Final-Project
Command         : /iridisfs/home/jm2e25/MSc-Final-Project/job_experiment1.sh
Partition       : ecsstudents_l4
Num hosts       : 1
Num cores       : 4
Num of tasks    : 1
Hosts allocated : ecsai02
Job Output Follows ...
===============================================================================
host      : ecsai02
started   : Thu Oct  1 15:03:35 BST 2026
python    : /iridisfs/ixsoftware/conda/miniconda-py3/bin/python
numpy 2.4.3 | matplotlib 3.10.1
----------------------------------------------------------------------
----------------------------------------------------------------------
finished  : Thu Oct  1 15:03:38 BST 2026  (exit 1)
==============================================================================
Running epilogue script on ecsai02.

Submit time  : 2026-10-01T15:03:30
Start time   : 2026-10-01T15:03:31
End time     : 2026-10-01T15:03:38
Elapsed time : 00:00:07 (Timelimit=1-00:00:00)

Job ID: 1694230
Cluster: iridis_x
User/Group: jm2e25/fp
State: FAILED (exit code 1)
Nodes: 1
Cores per node: 4
CPU Utilized: 00:00:06
CPU Efficiency: 21.43% of 00:00:28 core-walltime
Job Wall-clock time: 00:00:07
Memory Utilized: 13.74 MB
Memory Efficiency: 0.08% of 16.00 GB (16.00 GB/node)

