Running SLURM prolog script on ecsai02
===============================================================================
Job started on Thu Oct  1 15:03:31 BST 2026
Job ID          : 1694234
Job name        : grn-exp1
WorkDir         : /iridisfs/home/jm2e25/MSc-Final-Project
Command         : /iridisfs/home/jm2e25/MSc-Final-Project/job_experiment5.sh
Partition       : ecsstudents_l4
Num hosts       : 1
Num cores       : 4
Num of tasks    : 1
Hosts allocated : ecsai02
Job Output Follows ...
===============================================================================
host      : ecsai02
started   : Thu Oct  1 15:03:35 BST 2026
python    : /iridisfs/ixsoftware/conda/miniconda-py3/bin/python
numpy 2.4.3 | matplotlib 3.10.1
----------------------------------------------------------------------
running: appropriate interactions
  wrote Experiment5/plastic_search_table_appropriate_interactions_orGate.png
running: appropriate interactions
  wrote Experiment5/plastic_search_table_appropriate_interactions_andGate.png
running: appropriate interactions
  wrote Experiment5/plastic_search_table_appropriate_interactions_deterministicGate.png
running: inappropriate interactions
  wrote Experiment5/plastic_search_table_inappropriate_interactions_orGate.png
running: inappropriate interactions
  wrote Experiment5/plastic_search_table_inappropriate_interactions_andGate.png
running: inappropriate interactions
  wrote Experiment5/plastic_search_table_inappropriate_interactions_deterministicGate.png
running: noisy appropriate interactions
  wrote Experiment5/plastic_search_table_noisy_appropriate_interactions_orGate.png
running: noisy appropriate interactions
  wrote Experiment5/plastic_search_table_noisy_appropriate_interactions_andGate.png
running: noisy appropriate interactions
  wrote Experiment5/plastic_search_table_noisy_appropriate_interactions_deterministicGate.png
running: noisy inappropriate interactions
  wrote Experiment5/plastic_search_table_noisy_inappropriate_interactions_orGate.png
running: noisy inappropriate interactions
  wrote Experiment5/plastic_search_table_noisy_inappropriate_interactions_andGate.png
running: noisy inappropriate interactions
  wrote Experiment5/plastic_search_table_noisy_inappropriate_interactions_deterministicGate.png
running: random interactions
  wrote Experiment5/plastic_search_table_random_interactions_orGate.png
running: random interactions
  wrote Experiment5/plastic_search_table_random_interactions_andGate.png
running: random interactions
  wrote Experiment5/plastic_search_table_random_interactions_deterministicGate.png
running: modular random interactions
  wrote Experiment5/plastic_search_table_modular_random_interactions_orGate.png
running: modular random interactions
  wrote Experiment5/plastic_search_table_modular_random_interactions_andGate.png
running: modular random interactions
  wrote Experiment5/plastic_search_table_modular_random_interactions_deterministicGate.png
running: modular appropriate interactions
  wrote Experiment5/plastic_search_table_modular_appropriate_interactions_orGate.png
running: modular appropriate interactions
  wrote Experiment5/plastic_search_table_modular_appropriate_interactions_andGate.png
running: modular appropriate interactions
  wrote Experiment5/plastic_search_table_modular_appropriate_interactions_deterministicGate.png
running: modular inappropriate interactions
  wrote Experiment5/plastic_search_table_modular_inappropriate_interactions_orGate.png
running: modular inappropriate interactions
  wrote Experiment5/plastic_search_table_modular_inappropriate_interactions_andGate.png
running: modular inappropriate interactions
  wrote Experiment5/plastic_search_table_modular_inappropriate_interactions_deterministicGate.png
----------------------------------------------------------------------
finished  : Thu Oct  1 15:04:06 BST 2026  (exit 0)
==============================================================================
Running epilogue script on ecsai02.

Submit time  : 2026-10-01T15:03:30
Start time   : 2026-10-01T15:03:31
End time     : 2026-10-01T15:04:06
Elapsed time : 00:00:35 (Timelimit=1-00:00:00)

Job ID: 1694234
Cluster: iridis_x
User/Group: jm2e25/fp
State: COMPLETED (exit code 0)
Nodes: 1
Cores per node: 4
CPU Utilized: 00:00:34
CPU Efficiency: 24.29% of 00:02:20 core-walltime
Job Wall-clock time: 00:00:35
Memory Utilized: 142.26 MB
Memory Efficiency: 0.87% of 16.00 GB (16.00 GB/node)

